---
source: focus/operations/src/sync.rs
expression: "&profile"
---
/*
!/*/
/focus/
*.bzl
BUILD*
WORKSPACE*

