---
source: focus/operations/src/testing/sync.rs
expression: "std::fs::read_to_string(&profile_path)?"
---
/*
!/*/
/focus/
/library_b/
/mandatory_y/very_important_info/
/mandatory_z/
/project_b/
/project_b/src/main/java/com/example/cmdline/
/tools/build_rules/

