---
source: focus/internals/src/lib/operation/sync.rs
expression: "std::fs::read_to_string(&profile_path)?"
---
/*
!/*/
/focus/
/library_b/
/mandatory_z/
/project_b/
/project_b/src/main/java/com/example/cmdline/

