---
source: focus/internals/src/lib/operation/sync.rs
assertion_line: 239
expression: "&profile"
---
/*
!/*/
*.bzl
BUILD*
WORKSPACE*
/3rdparty/
/focus/
/pants-internal/
/pants-support/
/tools/

