---
source: focus/internals/src/lib/operation/sync.rs
expression: "&profile"
---
/*
!/*/
/focus/
*.bzl
BUILD*
WORKSPACE*

