---
source: focus/internals/src/lib/operation/sync.rs
expression: "std::fs::read_to_string(&profile_path)?"
---
/3rdparty/*
/focus/*
/tools/*
/pants-internal/*
/pants-support/*
/*
!/*/
/mandatory_z/*
!/mandatory_z/*/

